Archive member included to satisfy reference by file (symbol)

hw_include/libdriver.a(gpio_dirmodeset_.o)
                              gcc/main.o (GPIODirModeSet)
hw_include/libdriver.a(gpio_inttypeset_.o)
                              gcc/main.o (GPIOIntTypeSet)
hw_include/libdriver.a(gpio_pinintclear_.o)
                              gcc/main.o (GPIOPinIntClear)
hw_include/libdriver.a(gpio_pinintenable_.o)
                              gcc/main.o (GPIOPinIntEnable)
hw_include/libdriver.a(gpio_pintypei2c_.o)
                              gcc/osram96x16.o (GPIOPinTypeI2C)
hw_include/libdriver.a(i2c_mastercontrol_.o)
                              gcc/osram96x16.o (I2CMasterControl)
hw_include/libdriver.a(i2c_masterdataput_.o)
                              gcc/osram96x16.o (I2CMasterDataPut)
hw_include/libdriver.a(i2c_masterinit_.o)
                              gcc/osram96x16.o (I2CMasterInit)
hw_include/libdriver.a(i2c_masterintstatus_.o)
                              gcc/osram96x16.o (I2CMasterIntStatus)
hw_include/libdriver.a(i2c_masterslaveaddrset_.o)
                              gcc/osram96x16.o (I2CMasterSlaveAddrSet)
hw_include/libdriver.a(interrupt_enable_.o)
                              gcc/main.o (IntEnable)
hw_include/libdriver.a(interrupt_priorityset_.o)
                              gcc/main.o (IntPrioritySet)
hw_include/libdriver.a(interrupt_pulregs_.o)
                              hw_include/libdriver.a(interrupt_priorityset_.o) (g_pulRegs)
hw_include/libdriver.a(sysctl_clockget_.o)
                              hw_include/libdriver.a(i2c_masterinit_.o) (SysCtlClockGet)
hw_include/libdriver.a(sysctl_clockset_.o)
                              gcc/main.o (SysCtlClockSet)
hw_include/libdriver.a(sysctl_peripheralenable_.o)
                              gcc/main.o (SysCtlPeripheralEnable)
hw_include/libdriver.a(sysctl_pulrcgcregs_.o)
                              hw_include/libdriver.a(sysctl_peripheralenable_.o) (g_pulRCGCRegs)
hw_include/libdriver.a(sysctl_pulxtals_.o)
                              hw_include/libdriver.a(sysctl_clockget_.o) (g_pulXtals)
hw_include/libdriver.a(uart_charput_.o)
                              gcc/sensor_task.o (UARTCharPut)
hw_include/libdriver.a(uart_configset_.o)
                              gcc/main.o (UARTConfigSet)
hw_include/libdriver.a(uart_disable_.o)
                              hw_include/libdriver.a(uart_configset_.o) (UARTDisable)
hw_include/libdriver.a(uart_enable_.o)
                              hw_include/libdriver.a(uart_configset_.o) (UARTEnable)
hw_include/libdriver.a(uart_intclear_.o)
                              gcc/main.o (UARTIntClear)
hw_include/libdriver.a(uart_intstatus_.o)
                              gcc/main.o (UARTIntStatus)
hw_include/libdriver.a(gpio_padconfigset_.o)
                              hw_include/libdriver.a(gpio_pintypei2c_.o) (GPIOPadConfigSet)
hw_include/libdriver.a(i2c_masterenable_.o)
                              hw_include/libdriver.a(i2c_masterinit_.o) (I2CMasterEnable)
/usr/lib/gcc/arm-none-eabi/13.2.1/../../../arm-none-eabi/lib/thumb/nofp/libc.a(libc_a-rand.o)
                              gcc/sensor_task.o (rand)
/usr/lib/gcc/arm-none-eabi/13.2.1/../../../arm-none-eabi/lib/thumb/nofp/libc.a(libc_a-memset.o)
                              gcc/startup.o (memset)
/usr/lib/gcc/arm-none-eabi/13.2.1/../../../arm-none-eabi/lib/thumb/nofp/libc.a(libc_a-errno.o)
                              gcc/syscalls.o (__errno)
/usr/lib/gcc/arm-none-eabi/13.2.1/../../../arm-none-eabi/lib/thumb/nofp/libc.a(libc_a-impure.o)
                              /usr/lib/gcc/arm-none-eabi/13.2.1/../../../arm-none-eabi/lib/thumb/nofp/libc.a(libc_a-rand.o) (_impure_ptr)
/usr/lib/gcc/arm-none-eabi/13.2.1/../../../arm-none-eabi/lib/thumb/nofp/libc.a(libc_a-memcpy-stub.o)
                              gcc/startup.o (memcpy)
/usr/lib/gcc/arm-none-eabi/13.2.1/../../../arm-none-eabi/lib/thumb/nofp/libc.a(libc_a-findfp.o)
                              /usr/lib/gcc/arm-none-eabi/13.2.1/../../../arm-none-eabi/lib/thumb/nofp/libc.a(libc_a-impure.o) (__sf)
/usr/lib/gcc/arm-none-eabi/13.2.1/../../../arm-none-eabi/lib/thumb/nofp/libc.a(libc_a-fwalk.o)
                              /usr/lib/gcc/arm-none-eabi/13.2.1/../../../arm-none-eabi/lib/thumb/nofp/libc.a(libc_a-findfp.o) (_fwalk_sglue)
/usr/lib/gcc/arm-none-eabi/13.2.1/../../../arm-none-eabi/lib/thumb/nofp/libc.a(libc_a-mallocr.o)
                              /usr/lib/gcc/arm-none-eabi/13.2.1/../../../arm-none-eabi/lib/thumb/nofp/libc.a(libc_a-findfp.o) (_malloc_r)
/usr/lib/gcc/arm-none-eabi/13.2.1/../../../arm-none-eabi/lib/thumb/nofp/libc.a(libc_a-freer.o)
                              /usr/lib/gcc/arm-none-eabi/13.2.1/../../../arm-none-eabi/lib/thumb/nofp/libc.a(libc_a-mallocr.o) (_free_r)
/usr/lib/gcc/arm-none-eabi/13.2.1/../../../arm-none-eabi/lib/thumb/nofp/libc.a(libc_a-fclose.o)
                              /usr/lib/gcc/arm-none-eabi/13.2.1/../../../arm-none-eabi/lib/thumb/nofp/libc.a(libc_a-findfp.o) (_fclose_r)
/usr/lib/gcc/arm-none-eabi/13.2.1/../../../arm-none-eabi/lib/thumb/nofp/libc.a(libc_a-sysconf.o)
                              /usr/lib/gcc/arm-none-eabi/13.2.1/../../../arm-none-eabi/lib/thumb/nofp/libc.a(libc_a-mallocr.o) (sysconf)
/usr/lib/gcc/arm-none-eabi/13.2.1/../../../arm-none-eabi/lib/thumb/nofp/libc.a(libc_a-stdio.o)
                              /usr/lib/gcc/arm-none-eabi/13.2.1/../../../arm-none-eabi/lib/thumb/nofp/libc.a(libc_a-findfp.o) (__sread)
/usr/lib/gcc/arm-none-eabi/13.2.1/../../../arm-none-eabi/lib/thumb/nofp/libc.a(libc_a-writer.o)
                              /usr/lib/gcc/arm-none-eabi/13.2.1/../../../arm-none-eabi/lib/thumb/nofp/libc.a(libc_a-stdio.o) (_write_r)
/usr/lib/gcc/arm-none-eabi/13.2.1/../../../arm-none-eabi/lib/thumb/nofp/libc.a(libc_a-mlock.o)
                              /usr/lib/gcc/arm-none-eabi/13.2.1/../../../arm-none-eabi/lib/thumb/nofp/libc.a(libc_a-mallocr.o) (__malloc_lock)
/usr/lib/gcc/arm-none-eabi/13.2.1/../../../arm-none-eabi/lib/thumb/nofp/libc.a(libc_a-sbrkr.o)
                              /usr/lib/gcc/arm-none-eabi/13.2.1/../../../arm-none-eabi/lib/thumb/nofp/libc.a(libc_a-mallocr.o) (_sbrk_r)
/usr/lib/gcc/arm-none-eabi/13.2.1/../../../arm-none-eabi/lib/thumb/nofp/libc.a(libc_a-closer.o)
                              /usr/lib/gcc/arm-none-eabi/13.2.1/../../../arm-none-eabi/lib/thumb/nofp/libc.a(libc_a-stdio.o) (_close_r)
/usr/lib/gcc/arm-none-eabi/13.2.1/../../../arm-none-eabi/lib/thumb/nofp/libc.a(libc_a-fflush.o)
                              /usr/lib/gcc/arm-none-eabi/13.2.1/../../../arm-none-eabi/lib/thumb/nofp/libc.a(libc_a-fclose.o) (__sflush_r)
/usr/lib/gcc/arm-none-eabi/13.2.1/../../../arm-none-eabi/lib/thumb/nofp/libc.a(libc_a-readr.o)
                              /usr/lib/gcc/arm-none-eabi/13.2.1/../../../arm-none-eabi/lib/thumb/nofp/libc.a(libc_a-stdio.o) (_read_r)
/usr/lib/gcc/arm-none-eabi/13.2.1/../../../arm-none-eabi/lib/thumb/nofp/libc.a(libc_a-lseekr.o)
                              /usr/lib/gcc/arm-none-eabi/13.2.1/../../../arm-none-eabi/lib/thumb/nofp/libc.a(libc_a-stdio.o) (_lseek_r)
/usr/lib/gcc/arm-none-eabi/13.2.1/../../../arm-none-eabi/lib/thumb/nofp/libc.a(libc_a-reent.o)
                              /usr/lib/gcc/arm-none-eabi/13.2.1/../../../arm-none-eabi/lib/thumb/nofp/libc.a(libc_a-writer.o) (errno)
/usr/lib/gcc/arm-none-eabi/13.2.1/thumb/nofp/libgcc.a(_udivsi3.o)
                              /usr/lib/gcc/arm-none-eabi/13.2.1/../../../arm-none-eabi/lib/thumb/nofp/libc.a(libc_a-freer.o) (__aeabi_uidiv)
/usr/lib/gcc/arm-none-eabi/13.2.1/thumb/nofp/libgcc.a(_dvmd_tls.o)
                              /usr/lib/gcc/arm-none-eabi/13.2.1/thumb/nofp/libgcc.a(_udivsi3.o) (__aeabi_idiv0)
/usr/lib/gcc/arm-none-eabi/13.2.1/thumb/nofp/libgcc.a(_muldi3.o)
                              /usr/lib/gcc/arm-none-eabi/13.2.1/../../../arm-none-eabi/lib/thumb/nofp/libc.a(libc_a-rand.o) (__aeabi_lmul)

There are no discarded input sections

Memory Configuration

Name             Origin             Length             Attributes
FLASH            0x00000000         0x00010000         xr
SRAM             0x20000000         0x00002000         xrw
*default*        0x00000000         0xffffffff

Linker script and memory map


.text           0x00000000     0x3d64
 *(.isr_vector)
 .isr_vector    0x00000000       0xb8 gcc/startup.o
                0x00000000                g_pfnVectors
 *(.text*)
 .text          0x000000b8       0x5c gcc/startup.o
                0x000000c4                ResetISR
 .text          0x00000114       0x7c gcc/main.o
                0x00000114                vUART_ISR
                0x00000150                vGPIO_ISR
 .text.startup  0x00000190       0xf4 gcc/main.o
                0x00000190                main
 .text          0x00000284       0x90 gcc/list.o
                0x00000284                vListInitialise
                0x0000029c                vListInitialiseItem
                0x000002a4                vListInsertEnd
                0x000002c0                vListInsert
                0x000002f0                uxListRemove
 .text          0x00000314      0x7f4 gcc/queue.o
                0x00000400                xQueueGenericReset
                0x00000484                xQueueGenericCreate
                0x000004c8                xQueueGenericSend
                0x000005dc                xQueueGenericSendFromISR
                0x00000648                xQueueGiveFromISR
                0x000006b0                xQueueReceive
                0x000007cc                xQueueSemaphoreTake
                0x000008cc                xQueuePeek
                0x000009e4                xQueueReceiveFromISR
                0x00000a70                xQueuePeekFromISR
                0x00000ab8                uxQueueMessagesWaiting
                0x00000acc                uxQueueSpacesAvailable
                0x00000ae4                uxQueueMessagesWaitingFromISR
                0x00000ae8                vQueueDelete
                0x00000aec                xQueueIsQueueEmptyFromISR
                0x00000af8                xQueueIsQueueFullFromISR
 .text          0x00000b08      0xd2c gcc/tasks.o
                0x00000c90                xTaskCreate
                0x00000e14                vTaskStartScheduler
                0x00000e74                vTaskEndScheduler
                0x00000e94                vTaskSuspendAll
                0x00000ea8                xTaskResumeAll
                0x00000fe0                xTaskDelayUntil
                0x00001038                vTaskDelay
                0x00001070                xTaskGetTickCount
                0x0000107c                xTaskGetTickCountFromISR
                0x00001088                uxTaskGetNumberOfTasks
                0x00001094                pcTaskGetName
                0x000010a8                xTaskCatchUpTicks
                0x000010d8                xTaskIncrementTick
                0x000010f4                vTaskSwitchContext
                0x0000113c                vTaskPlaceOnEventList
                0x00001158                vTaskPlaceOnUnorderedEventList
                0x000011a0                xTaskRemoveFromEventList
                0x00001260                vTaskRemoveFromUnorderedEventList
                0x000012f0                vTaskSetTimeOutState
                0x00001310                vTaskInternalSetTimeOutState
                0x00001320                xTaskCheckForTimeOut
                0x00001370                vTaskMissedYield
                0x00001380                xTaskGetCurrentTaskHandle
                0x0000138c                uxTaskResetEventItemValue
                0x000013a4                ulTaskGenericNotifyTake
                0x00001428                xTaskGenericNotifyWait
                0x000014cc                xTaskGenericNotify
                0x000015c0                xTaskGenericNotifyFromISR
                0x000016e8                vTaskGenericNotifyGiveFromISR
                0x000017d0                xTaskGenericNotifyStateClear
                0x00001804                ulTaskGenericNotifyValueClear
 *fill*         0x00001834        0xc 
 .text          0x00001840      0x1ac gcc/port.o
                0x00001880                pxPortInitialiseStack
                0x000018a4                vPortSVCHandler
                0x000018d4                vPortEndScheduler
                0x000018d8                vPortEnterCritical
                0x000018f8                vPortExitCritical
                0x0000190c                xPortPendSVHandler
                0x00001954                xPortSysTickHandler
                0x00001980                vPortSetupTimerInterrupt
                0x00001998                xPortStartScheduler
 .text          0x000019ec       0xc0 gcc/heap_1.o
                0x000019ec                pvPortMalloc
                0x00001a84                vPortFree
                0x00001a88                vPortInitialiseBlocks
                0x00001a98                xPortGetFreeHeapSize
 .text          0x00001aac      0x68c gcc/osram96x16.o
                0x00001b3c                OSRAMClear
                0x00001c44                OSRAMStringDraw
                0x00001e28                OSRAMImageDraw
                0x00001f74                OSRAMInit
                0x00002018                OSRAMDisplayOn
                0x00002078                OSRAMDisplayOff
 .text          0x00002138       0xc4 gcc/sensor_task.o
                0x000021d8                vStartSensorTask
 .text          0x000021fc       0x44 gcc/syscalls.o
                0x000021fc                _sbrk
                0x00002204                _write
                0x00002208                _close
                0x00002210                _fstat
                0x00002218                _isatty
                0x0000221c                _lseek
                0x00002220                _read
                0x00002224                _kill
                0x00002238                _getpid
                0x0000223c                _exit
 .text          0x00002240       0x48 hw_include/libdriver.a(gpio_dirmodeset_.o)
                0x00002240                GPIODirModeSet
 .text          0x00002288       0x74 hw_include/libdriver.a(gpio_inttypeset_.o)
                0x00002288                GPIOIntTypeSet
 .text          0x000022fc        0x8 hw_include/libdriver.a(gpio_pinintclear_.o)
                0x000022fc                GPIOPinIntClear
 .text          0x00002304        0xc hw_include/libdriver.a(gpio_pinintenable_.o)
                0x00002304                GPIOPinIntEnable
 .text          0x00002310       0x20 hw_include/libdriver.a(gpio_pintypei2c_.o)
                0x00002310                GPIOPinTypeI2C
 .text          0x00002330        0x4 hw_include/libdriver.a(i2c_mastercontrol_.o)
                0x00002330                I2CMasterControl
 .text          0x00002334        0x4 hw_include/libdriver.a(i2c_masterdataput_.o)
                0x00002334                I2CMasterDataPut
 .text          0x00002338       0x34 hw_include/libdriver.a(i2c_masterinit_.o)
                0x00002338                I2CMasterInit
 .text          0x0000236c       0x18 hw_include/libdriver.a(i2c_masterintstatus_.o)
                0x0000236c                I2CMasterIntStatus
 .text          0x00002384        0x8 hw_include/libdriver.a(i2c_masterslaveaddrset_.o)
                0x00002384                I2CMasterSlaveAddrSet
 .text          0x0000238c       0x5c hw_include/libdriver.a(interrupt_enable_.o)
                0x0000238c                IntEnable
 .text          0x000023e8       0x30 hw_include/libdriver.a(interrupt_priorityset_.o)
                0x000023e8                IntPrioritySet
 .text          0x00002418        0x0 hw_include/libdriver.a(interrupt_pulregs_.o)
 .text          0x00002418       0x90 hw_include/libdriver.a(sysctl_clockget_.o)
                0x00002418                SysCtlClockGet
 .text          0x000024a8       0xcc hw_include/libdriver.a(sysctl_clockset_.o)
                0x000024a8                SysCtlClockSet
 .text          0x00002574       0x1c hw_include/libdriver.a(sysctl_peripheralenable_.o)
                0x00002574                SysCtlPeripheralEnable
 .text          0x00002590        0x0 hw_include/libdriver.a(sysctl_pulrcgcregs_.o)
 .text          0x00002590        0x0 hw_include/libdriver.a(sysctl_pulxtals_.o)
 .text          0x00002590       0x10 hw_include/libdriver.a(uart_charput_.o)
                0x00002590                UARTCharPut
 .text          0x000025a0       0x38 hw_include/libdriver.a(uart_configset_.o)
                0x000025a0                UARTConfigSet
 .text          0x000025d8       0x24 hw_include/libdriver.a(uart_disable_.o)
                0x000025d8                UARTDisable
 .text          0x000025fc       0x18 hw_include/libdriver.a(uart_enable_.o)
                0x000025fc                UARTEnable
 .text          0x00002614        0x4 hw_include/libdriver.a(uart_intclear_.o)
                0x00002614                UARTIntClear
 .text          0x00002618        0xc hw_include/libdriver.a(uart_intstatus_.o)
                0x00002618                UARTIntStatus
 .text          0x00002624      0x11c hw_include/libdriver.a(gpio_padconfigset_.o)
                0x00002624                GPIOPadConfigSet
 .text          0x00002740        0xc hw_include/libdriver.a(i2c_masterenable_.o)
                0x00002740                I2CMasterEnable
 .text          0x0000274c       0x4c /usr/lib/gcc/arm-none-eabi/13.2.1/../../../arm-none-eabi/lib/thumb/nofp/libc.a(libc_a-rand.o)
                0x0000274c                srand
                0x00002760                rand
 .text          0x00002798       0xb0 /usr/lib/gcc/arm-none-eabi/13.2.1/../../../arm-none-eabi/lib/thumb/nofp/libc.a(libc_a-memset.o)
                0x00002798                memset
 .text          0x00002848        0xc /usr/lib/gcc/arm-none-eabi/13.2.1/../../../arm-none-eabi/lib/thumb/nofp/libc.a(libc_a-errno.o)
                0x00002848                __errno
 .text          0x00002854        0x0 /usr/lib/gcc/arm-none-eabi/13.2.1/../../../arm-none-eabi/lib/thumb/nofp/libc.a(libc_a-impure.o)
 .text          0x00002854       0x90 /usr/lib/gcc/arm-none-eabi/13.2.1/../../../arm-none-eabi/lib/thumb/nofp/libc.a(libc_a-memcpy-stub.o)
                0x00002854                memcpy
 .text          0x000028e4      0x274 /usr/lib/gcc/arm-none-eabi/13.2.1/../../../arm-none-eabi/lib/thumb/nofp/libc.a(libc_a-findfp.o)
                0x00002a4c                __sfp
                0x00002af0                __sinit
                0x00002b18                __sfp_lock_acquire
                0x00002b1c                __sfp_lock_release
                0x00002b20                __fp_lock_all
                0x00002b3c                __fp_unlock_all
 .text          0x00002b58       0x4c /usr/lib/gcc/arm-none-eabi/13.2.1/../../../arm-none-eabi/lib/thumb/nofp/libc.a(libc_a-fwalk.o)
                0x00002b58                _fwalk_sglue
 .text          0x00002ba4      0x5c0 /usr/lib/gcc/arm-none-eabi/13.2.1/../../../arm-none-eabi/lib/thumb/nofp/libc.a(libc_a-mallocr.o)
                0x00002ba4                _malloc_r
 .text          0x00003164      0x290 /usr/lib/gcc/arm-none-eabi/13.2.1/../../../arm-none-eabi/lib/thumb/nofp/libc.a(libc_a-freer.o)
                0x00003164                _malloc_trim_r
                0x0000321c                _free_r
 .text          0x000033f4       0xb4 /usr/lib/gcc/arm-none-eabi/13.2.1/../../../arm-none-eabi/lib/thumb/nofp/libc.a(libc_a-fclose.o)
                0x000033f4                _fclose_r
                0x0000348c                fclose
 .text          0x000034a8       0x20 /usr/lib/gcc/arm-none-eabi/13.2.1/../../../arm-none-eabi/lib/thumb/nofp/libc.a(libc_a-sysconf.o)
                0x000034a8                sysconf
 .text          0x000034c8       0xbc /usr/lib/gcc/arm-none-eabi/13.2.1/../../../arm-none-eabi/lib/thumb/nofp/libc.a(libc_a-stdio.o)
                0x000034c8                __sread
                0x000034f4                __seofread
                0x000034f8                __swrite
                0x0000353c                __sseek
                0x00003574                __sclose
 .text          0x00003584       0x2c /usr/lib/gcc/arm-none-eabi/13.2.1/../../../arm-none-eabi/lib/thumb/nofp/libc.a(libc_a-writer.o)
                0x00003584                _write_r
 .text          0x000035b0        0x8 /usr/lib/gcc/arm-none-eabi/13.2.1/../../../arm-none-eabi/lib/thumb/nofp/libc.a(libc_a-mlock.o)
                0x000035b0                __malloc_lock
                0x000035b4                __malloc_unlock
 .text          0x000035b8       0x28 /usr/lib/gcc/arm-none-eabi/13.2.1/../../../arm-none-eabi/lib/thumb/nofp/libc.a(libc_a-sbrkr.o)
                0x000035b8                _sbrk_r
 .text          0x000035e0       0x28 /usr/lib/gcc/arm-none-eabi/13.2.1/../../../arm-none-eabi/lib/thumb/nofp/libc.a(libc_a-closer.o)
                0x000035e0                _close_r
 .text          0x00003608      0x1dc /usr/lib/gcc/arm-none-eabi/13.2.1/../../../arm-none-eabi/lib/thumb/nofp/libc.a(libc_a-fflush.o)
                0x00003608                __sflush_r
                0x0000375c                _fflush_r
                0x0000378c                fflush
 .text          0x000037e4       0x2c /usr/lib/gcc/arm-none-eabi/13.2.1/../../../arm-none-eabi/lib/thumb/nofp/libc.a(libc_a-readr.o)
                0x000037e4                _read_r
 .text          0x00003810       0x2c /usr/lib/gcc/arm-none-eabi/13.2.1/../../../arm-none-eabi/lib/thumb/nofp/libc.a(libc_a-lseekr.o)
                0x00003810                _lseek_r
 .text          0x0000383c       0x7c /usr/lib/gcc/arm-none-eabi/13.2.1/../../../arm-none-eabi/lib/thumb/nofp/libc.a(libc_a-reent.o)
                0x0000383c                _reclaim_reent
 .text          0x000038b8      0x11c /usr/lib/gcc/arm-none-eabi/13.2.1/thumb/nofp/libgcc.a(_udivsi3.o)
                0x000038b8                __udivsi3
                0x000038b8                __aeabi_uidiv
                0x000039b4                __aeabi_uidivmod
 .text          0x000039d4        0x4 /usr/lib/gcc/arm-none-eabi/13.2.1/thumb/nofp/libgcc.a(_dvmd_tls.o)
                0x000039d4                __aeabi_ldiv0
                0x000039d4                __aeabi_idiv0
 .text          0x000039d8       0x64 /usr/lib/gcc/arm-none-eabi/13.2.1/thumb/nofp/libgcc.a(_muldi3.o)
                0x000039d8                __aeabi_lmul
                0x000039d8                __muldi3
 *fill*         0x00003a3c        0x4 
 .text.__stub   0x00003a40        0x8 linker stubs
 *(.rodata*)
 .rodata.str1.4
                0x00003a48       0x4b gcc/main.o
                                 0x21 (size before relaxing)
 .rodata.str1.4
                0x00003a93        0x5 gcc/tasks.o
 *fill*         0x00003a93        0x1 
 .rodata        0x00003a94        0x4 gcc/tasks.o
                0x00003a94                uxTopUsedPriority
 .rodata        0x00003a98      0x25d gcc/osram96x16.o
 .rodata.str1.4
                0x00003cf5       0x1f gcc/sensor_task.o
 *fill*         0x00003cf5        0x3 
 .rodata        0x00003cf8       0x30 hw_include/libdriver.a(interrupt_pulregs_.o)
                0x00003cf8                g_pulRegs
 .rodata        0x00003d28        0xc hw_include/libdriver.a(sysctl_pulrcgcregs_.o)
                0x00003d28                g_pulRCGCRegs
 .rodata        0x00003d34       0x30 hw_include/libdriver.a(sysctl_pulxtals_.o)
                0x00003d34                g_pulXtals
                0x00003d64                        _etext = .

.glue_7         0x00003d64        0x0
 .glue_7        0x00003d64        0x0 linker stubs

.glue_7t        0x00003d64        0x0
 .glue_7t       0x00003d64        0x0 linker stubs

.vfp11_veneer   0x00003d64        0x0
 .vfp11_veneer  0x00003d64        0x0 linker stubs

.v4_bx          0x00003d64        0x0
 .v4_bx         0x00003d64        0x0 linker stubs

.iplt           0x00003d64        0x0
 .iplt          0x00003d64        0x0 gcc/startup.o

.rel.dyn        0x00003d64        0x0
 .rel.iplt      0x00003d64        0x0 gcc/startup.o

.data           0x20000000      0x550 load address 0x00003d64
                0x20000000                        _data = .
 *(vtable)
 *(.data)
 .data          0x20000000        0x0 gcc/startup.o
 .data          0x20000000        0x0 gcc/main.o
 .data          0x20000000        0x0 gcc/list.o
 .data          0x20000000        0x0 gcc/queue.o
 .data          0x20000000        0x0 gcc/tasks.o
 .data          0x20000000        0x4 gcc/port.o
 .data          0x20000004        0x0 gcc/heap_1.o
 .data          0x20000004        0x0 gcc/osram96x16.o
 .data          0x20000004        0x0 gcc/sensor_task.o
 .data          0x20000004        0x0 gcc/syscalls.o
 .data          0x20000004        0x0 hw_include/libdriver.a(gpio_dirmodeset_.o)
 .data          0x20000004        0x0 hw_include/libdriver.a(gpio_inttypeset_.o)
 .data          0x20000004        0x0 hw_include/libdriver.a(gpio_pinintclear_.o)
 .data          0x20000004        0x0 hw_include/libdriver.a(gpio_pinintenable_.o)
 .data          0x20000004        0x0 hw_include/libdriver.a(gpio_pintypei2c_.o)
 .data          0x20000004        0x0 hw_include/libdriver.a(i2c_mastercontrol_.o)
 .data          0x20000004        0x0 hw_include/libdriver.a(i2c_masterdataput_.o)
 .data          0x20000004        0x0 hw_include/libdriver.a(i2c_masterinit_.o)
 .data          0x20000004        0x0 hw_include/libdriver.a(i2c_masterintstatus_.o)
 .data          0x20000004        0x0 hw_include/libdriver.a(i2c_masterslaveaddrset_.o)
 .data          0x20000004        0x0 hw_include/libdriver.a(interrupt_enable_.o)
 .data          0x20000004        0x0 hw_include/libdriver.a(interrupt_priorityset_.o)
 .data          0x20000004        0x0 hw_include/libdriver.a(interrupt_pulregs_.o)
 .data          0x20000004        0x0 hw_include/libdriver.a(sysctl_clockget_.o)
 .data          0x20000004        0x0 hw_include/libdriver.a(sysctl_clockset_.o)
 .data          0x20000004        0x0 hw_include/libdriver.a(sysctl_peripheralenable_.o)
 .data          0x20000004        0x0 hw_include/libdriver.a(sysctl_pulrcgcregs_.o)
 .data          0x20000004        0x0 hw_include/libdriver.a(sysctl_pulxtals_.o)
 .data          0x20000004        0x0 hw_include/libdriver.a(uart_charput_.o)
 .data          0x20000004        0x0 hw_include/libdriver.a(uart_configset_.o)
 .data          0x20000004        0x0 hw_include/libdriver.a(uart_disable_.o)
 .data          0x20000004        0x0 hw_include/libdriver.a(uart_enable_.o)
 .data          0x20000004        0x0 hw_include/libdriver.a(uart_intclear_.o)
 .data          0x20000004        0x0 hw_include/libdriver.a(uart_intstatus_.o)
 .data          0x20000004        0x0 hw_include/libdriver.a(gpio_padconfigset_.o)
 .data          0x20000004        0x0 hw_include/libdriver.a(i2c_masterenable_.o)
 .data          0x20000004        0x0 /usr/lib/gcc/arm-none-eabi/13.2.1/../../../arm-none-eabi/lib/thumb/nofp/libc.a(libc_a-rand.o)
 .data          0x20000004        0x0 /usr/lib/gcc/arm-none-eabi/13.2.1/../../../arm-none-eabi/lib/thumb/nofp/libc.a(libc_a-memset.o)
 .data          0x20000004        0x0 /usr/lib/gcc/arm-none-eabi/13.2.1/../../../arm-none-eabi/lib/thumb/nofp/libc.a(libc_a-errno.o)
 *fill*         0x20000004        0x4 
 .data          0x20000008      0x128 /usr/lib/gcc/arm-none-eabi/13.2.1/../../../arm-none-eabi/lib/thumb/nofp/libc.a(libc_a-impure.o)
                0x20000008                _impure_ptr
                0x20000010                _impure_data
 .data          0x20000130        0x0 /usr/lib/gcc/arm-none-eabi/13.2.1/../../../arm-none-eabi/lib/thumb/nofp/libc.a(libc_a-memcpy-stub.o)
 .data          0x20000130        0xc /usr/lib/gcc/arm-none-eabi/13.2.1/../../../arm-none-eabi/lib/thumb/nofp/libc.a(libc_a-findfp.o)
                0x20000130                __sglue
 .data          0x2000013c        0x0 /usr/lib/gcc/arm-none-eabi/13.2.1/../../../arm-none-eabi/lib/thumb/nofp/libc.a(libc_a-fwalk.o)
 *fill*         0x2000013c        0x4 
 .data          0x20000140      0x410 /usr/lib/gcc/arm-none-eabi/13.2.1/../../../arm-none-eabi/lib/thumb/nofp/libc.a(libc_a-mallocr.o)
                0x20000140                __malloc_sbrk_base
                0x20000144                __malloc_trim_threshold
                0x20000148                __malloc_av_
 .data          0x20000550        0x0 /usr/lib/gcc/arm-none-eabi/13.2.1/../../../arm-none-eabi/lib/thumb/nofp/libc.a(libc_a-freer.o)
 .data          0x20000550        0x0 /usr/lib/gcc/arm-none-eabi/13.2.1/../../../arm-none-eabi/lib/thumb/nofp/libc.a(libc_a-fclose.o)
 .data          0x20000550        0x0 /usr/lib/gcc/arm-none-eabi/13.2.1/../../../arm-none-eabi/lib/thumb/nofp/libc.a(libc_a-sysconf.o)
 .data          0x20000550        0x0 /usr/lib/gcc/arm-none-eabi/13.2.1/../../../arm-none-eabi/lib/thumb/nofp/libc.a(libc_a-stdio.o)
 .data          0x20000550        0x0 /usr/lib/gcc/arm-none-eabi/13.2.1/../../../arm-none-eabi/lib/thumb/nofp/libc.a(libc_a-writer.o)
 .data          0x20000550        0x0 /usr/lib/gcc/arm-none-eabi/13.2.1/../../../arm-none-eabi/lib/thumb/nofp/libc.a(libc_a-mlock.o)
 .data          0x20000550        0x0 /usr/lib/gcc/arm-none-eabi/13.2.1/../../../arm-none-eabi/lib/thumb/nofp/libc.a(libc_a-sbrkr.o)
 .data          0x20000550        0x0 /usr/lib/gcc/arm-none-eabi/13.2.1/../../../arm-none-eabi/lib/thumb/nofp/libc.a(libc_a-closer.o)
 .data          0x20000550        0x0 /usr/lib/gcc/arm-none-eabi/13.2.1/../../../arm-none-eabi/lib/thumb/nofp/libc.a(libc_a-fflush.o)
 .data          0x20000550        0x0 /usr/lib/gcc/arm-none-eabi/13.2.1/../../../arm-none-eabi/lib/thumb/nofp/libc.a(libc_a-readr.o)
 .data          0x20000550        0x0 /usr/lib/gcc/arm-none-eabi/13.2.1/../../../arm-none-eabi/lib/thumb/nofp/libc.a(libc_a-lseekr.o)
 .data          0x20000550        0x0 /usr/lib/gcc/arm-none-eabi/13.2.1/../../../arm-none-eabi/lib/thumb/nofp/libc.a(libc_a-reent.o)
 .data          0x20000550        0x0 /usr/lib/gcc/arm-none-eabi/13.2.1/thumb/nofp/libgcc.a(_udivsi3.o)
 .data          0x20000550        0x0 /usr/lib/gcc/arm-none-eabi/13.2.1/thumb/nofp/libgcc.a(_dvmd_tls.o)
 .data          0x20000550        0x0 /usr/lib/gcc/arm-none-eabi/13.2.1/thumb/nofp/libgcc.a(_muldi3.o)
                0x20000550                        _edata = .

.igot.plt       0x20000550        0x0 load address 0x000042b4
 .igot.plt      0x20000550        0x0 gcc/startup.o

.stack          0x20000550      0x100 load address 0x000042b4
                0x20000550                        _stack = .
 *(.stack)
 .stack         0x20000550      0x100 gcc/startup.o
                0x20000650                        _estack = .
                0x20000650                        . = ALIGN (0x4)

.bss            0x20000650     0x1208 load address 0x000043b4
                0x20000650                        _bss = .
 *(.bss)
 .bss           0x20000650        0x0 gcc/startup.o
 .bss           0x20000650       0x10 gcc/main.o
                0x20000650                xButtonSemaphore
                0x20000654                xPrintQueue
                0x2000065c                xTemperatureQueue
 .bss           0x20000660        0x0 gcc/list.o
 .bss           0x20000660        0x0 gcc/queue.o
 .bss           0x20000660       0xd8 gcc/tasks.o
                0x20000664                pxCurrentTCB
 .bss           0x20000738        0x0 gcc/port.o
 .bss           0x20000738      0xfa8 gcc/heap_1.o
 .bss           0x200016e0        0x4 gcc/osram96x16.o
 .bss           0x200016e4        0x0 gcc/sensor_task.o
 .bss           0x200016e4        0x0 gcc/syscalls.o
 .bss           0x200016e4        0x0 hw_include/libdriver.a(gpio_dirmodeset_.o)
 .bss           0x200016e4        0x0 hw_include/libdriver.a(gpio_inttypeset_.o)
 .bss           0x200016e4        0x0 hw_include/libdriver.a(gpio_pinintclear_.o)
 .bss           0x200016e4        0x0 hw_include/libdriver.a(gpio_pinintenable_.o)
 .bss           0x200016e4        0x0 hw_include/libdriver.a(gpio_pintypei2c_.o)
 .bss           0x200016e4        0x0 hw_include/libdriver.a(i2c_mastercontrol_.o)
 .bss           0x200016e4        0x0 hw_include/libdriver.a(i2c_masterdataput_.o)
 .bss           0x200016e4        0x0 hw_include/libdriver.a(i2c_masterinit_.o)
 .bss           0x200016e4        0x0 hw_include/libdriver.a(i2c_masterintstatus_.o)
 .bss           0x200016e4        0x0 hw_include/libdriver.a(i2c_masterslaveaddrset_.o)
 .bss           0x200016e4        0x0 hw_include/libdriver.a(interrupt_enable_.o)
 .bss           0x200016e4        0x0 hw_include/libdriver.a(interrupt_priorityset_.o)
 .bss           0x200016e4        0x0 hw_include/libdriver.a(interrupt_pulregs_.o)
 .bss           0x200016e4        0x0 hw_include/libdriver.a(sysctl_clockget_.o)
 .bss           0x200016e4        0x0 hw_include/libdriver.a(sysctl_clockset_.o)
 .bss           0x200016e4        0x0 hw_include/libdriver.a(sysctl_peripheralenable_.o)
 .bss           0x200016e4        0x0 hw_include/libdriver.a(sysctl_pulrcgcregs_.o)
 .bss           0x200016e4        0x0 hw_include/libdriver.a(sysctl_pulxtals_.o)
 .bss           0x200016e4        0x0 hw_include/libdriver.a(uart_charput_.o)
 .bss           0x200016e4        0x0 hw_include/libdriver.a(uart_configset_.o)
 .bss           0x200016e4        0x0 hw_include/libdriver.a(uart_disable_.o)
 .bss           0x200016e4        0x0 hw_include/libdriver.a(uart_enable_.o)
 .bss           0x200016e4        0x0 hw_include/libdriver.a(uart_intclear_.o)
 .bss           0x200016e4        0x0 hw_include/libdriver.a(uart_intstatus_.o)
 .bss           0x200016e4        0x0 hw_include/libdriver.a(gpio_padconfigset_.o)
 .bss           0x200016e4        0x0 hw_include/libdriver.a(i2c_masterenable_.o)
 .bss           0x200016e4        0x0 /usr/lib/gcc/arm-none-eabi/13.2.1/../../../arm-none-eabi/lib/thumb/nofp/libc.a(libc_a-rand.o)
 .bss           0x200016e4        0x0 /usr/lib/gcc/arm-none-eabi/13.2.1/../../../arm-none-eabi/lib/thumb/nofp/libc.a(libc_a-memset.o)
 .bss           0x200016e4        0x0 /usr/lib/gcc/arm-none-eabi/13.2.1/../../../arm-none-eabi/lib/thumb/nofp/libc.a(libc_a-errno.o)
 .bss           0x200016e4        0x0 /usr/lib/gcc/arm-none-eabi/13.2.1/../../../arm-none-eabi/lib/thumb/nofp/libc.a(libc_a-impure.o)
 .bss           0x200016e4        0x0 /usr/lib/gcc/arm-none-eabi/13.2.1/../../../arm-none-eabi/lib/thumb/nofp/libc.a(libc_a-memcpy-stub.o)
 .bss           0x200016e4      0x13c /usr/lib/gcc/arm-none-eabi/13.2.1/../../../arm-none-eabi/lib/thumb/nofp/libc.a(libc_a-findfp.o)
                0x200016e4                __stdio_exit_handler
                0x200016e8                __sf
 .bss           0x20001820        0x0 /usr/lib/gcc/arm-none-eabi/13.2.1/../../../arm-none-eabi/lib/thumb/nofp/libc.a(libc_a-fwalk.o)
 .bss           0x20001820       0x34 /usr/lib/gcc/arm-none-eabi/13.2.1/../../../arm-none-eabi/lib/thumb/nofp/libc.a(libc_a-mallocr.o)
                0x20001820                __malloc_top_pad
                0x20001824                __malloc_current_mallinfo
                0x2000184c                __malloc_max_sbrked_mem
                0x20001850                __malloc_max_total_mem
 .bss           0x20001854        0x0 /usr/lib/gcc/arm-none-eabi/13.2.1/../../../arm-none-eabi/lib/thumb/nofp/libc.a(libc_a-freer.o)
 .bss           0x20001854        0x0 /usr/lib/gcc/arm-none-eabi/13.2.1/../../../arm-none-eabi/lib/thumb/nofp/libc.a(libc_a-fclose.o)
 .bss           0x20001854        0x0 /usr/lib/gcc/arm-none-eabi/13.2.1/../../../arm-none-eabi/lib/thumb/nofp/libc.a(libc_a-sysconf.o)
 .bss           0x20001854        0x0 /usr/lib/gcc/arm-none-eabi/13.2.1/../../../arm-none-eabi/lib/thumb/nofp/libc.a(libc_a-stdio.o)
 .bss           0x20001854        0x0 /usr/lib/gcc/arm-none-eabi/13.2.1/../../../arm-none-eabi/lib/thumb/nofp/libc.a(libc_a-writer.o)
 .bss           0x20001854        0x0 /usr/lib/gcc/arm-none-eabi/13.2.1/../../../arm-none-eabi/lib/thumb/nofp/libc.a(libc_a-mlock.o)
 .bss           0x20001854        0x0 /usr/lib/gcc/arm-none-eabi/13.2.1/../../../arm-none-eabi/lib/thumb/nofp/libc.a(libc_a-sbrkr.o)
 .bss           0x20001854        0x0 /usr/lib/gcc/arm-none-eabi/13.2.1/../../../arm-none-eabi/lib/thumb/nofp/libc.a(libc_a-closer.o)
 .bss           0x20001854        0x0 /usr/lib/gcc/arm-none-eabi/13.2.1/../../../arm-none-eabi/lib/thumb/nofp/libc.a(libc_a-fflush.o)
 .bss           0x20001854        0x0 /usr/lib/gcc/arm-none-eabi/13.2.1/../../../arm-none-eabi/lib/thumb/nofp/libc.a(libc_a-readr.o)
 .bss           0x20001854        0x0 /usr/lib/gcc/arm-none-eabi/13.2.1/../../../arm-none-eabi/lib/thumb/nofp/libc.a(libc_a-lseekr.o)
 .bss           0x20001854        0x4 /usr/lib/gcc/arm-none-eabi/13.2.1/../../../arm-none-eabi/lib/thumb/nofp/libc.a(libc_a-reent.o)
                0x20001854                errno
 .bss           0x20001858        0x0 /usr/lib/gcc/arm-none-eabi/13.2.1/thumb/nofp/libgcc.a(_udivsi3.o)
 .bss           0x20001858        0x0 /usr/lib/gcc/arm-none-eabi/13.2.1/thumb/nofp/libgcc.a(_dvmd_tls.o)
 .bss           0x20001858        0x0 /usr/lib/gcc/arm-none-eabi/13.2.1/thumb/nofp/libgcc.a(_muldi3.o)
 *(COMMON)
                0x20001858                        _ebss = .
                0x20001858                        . = ALIGN (0x4)
LOAD gcc/startup.o
LOAD gcc/main.o
LOAD gcc/list.o
LOAD gcc/queue.o
LOAD gcc/tasks.o
LOAD gcc/port.o
LOAD gcc/heap_1.o
LOAD gcc/osram96x16.o
LOAD gcc/sensor_task.o
LOAD gcc/syscalls.o
LOAD hw_include/libdriver.a
LOAD /usr/lib/gcc/arm-none-eabi/13.2.1/../../../arm-none-eabi/lib/thumb/nofp/libc.a
LOAD /usr/lib/gcc/arm-none-eabi/13.2.1/thumb/nofp/libgcc.a
OUTPUT(gcc/RTOSDemo.axf elf32-littlearm)
LOAD linker stubs

.comment        0x00000000      0x39a
 .comment       0x00000000       0x26 gcc/startup.o
                                 0x27 (size before relaxing)
 .comment       0x00000026       0x27 gcc/main.o
 .comment       0x00000026       0x27 gcc/list.o
 .comment       0x00000026       0x27 gcc/queue.o
 .comment       0x00000026       0x27 gcc/tasks.o
 .comment       0x00000026       0x27 gcc/port.o
 .comment       0x00000026       0x27 gcc/heap_1.o
 .comment       0x00000026       0x27 gcc/osram96x16.o
 .comment       0x00000026       0x27 gcc/sensor_task.o
 .comment       0x00000026       0x27 gcc/syscalls.o
 .comment       0x00000026       0x22 hw_include/libdriver.a(gpio_dirmodeset_.o)
 .comment       0x00000048       0x22 hw_include/libdriver.a(gpio_inttypeset_.o)
 .comment       0x0000006a       0x22 hw_include/libdriver.a(gpio_pinintclear_.o)
 .comment       0x0000008c       0x22 hw_include/libdriver.a(gpio_pinintenable_.o)
 .comment       0x000000ae       0x22 hw_include/libdriver.a(gpio_pintypei2c_.o)
 .comment       0x000000d0       0x22 hw_include/libdriver.a(i2c_mastercontrol_.o)
 .comment       0x000000f2       0x22 hw_include/libdriver.a(i2c_masterdataput_.o)
 .comment       0x00000114       0x22 hw_include/libdriver.a(i2c_masterinit_.o)
 .comment       0x00000136       0x22 hw_include/libdriver.a(i2c_masterintstatus_.o)
 .comment       0x00000158       0x22 hw_include/libdriver.a(i2c_masterslaveaddrset_.o)
 .comment       0x0000017a       0x22 hw_include/libdriver.a(interrupt_enable_.o)
 .comment       0x0000019c       0x22 hw_include/libdriver.a(interrupt_priorityset_.o)
 .comment       0x000001be       0x22 hw_include/libdriver.a(interrupt_pulregs_.o)
 .comment       0x000001e0       0x22 hw_include/libdriver.a(sysctl_clockget_.o)
 .comment       0x00000202       0x22 hw_include/libdriver.a(sysctl_clockset_.o)
 .comment       0x00000224       0x22 hw_include/libdriver.a(sysctl_peripheralenable_.o)
 .comment       0x00000246       0x22 hw_include/libdriver.a(sysctl_pulrcgcregs_.o)
 .comment       0x00000268       0x22 hw_include/libdriver.a(sysctl_pulxtals_.o)
 .comment       0x0000028a       0x22 hw_include/libdriver.a(uart_charput_.o)
 .comment       0x000002ac       0x22 hw_include/libdriver.a(uart_configset_.o)
 .comment       0x000002ce       0x22 hw_include/libdriver.a(uart_disable_.o)
 .comment       0x000002f0       0x22 hw_include/libdriver.a(uart_enable_.o)
 .comment       0x00000312       0x22 hw_include/libdriver.a(uart_intclear_.o)
 .comment       0x00000334       0x22 hw_include/libdriver.a(uart_intstatus_.o)
 .comment       0x00000356       0x22 hw_include/libdriver.a(gpio_padconfigset_.o)
 .comment       0x00000378       0x22 hw_include/libdriver.a(i2c_masterenable_.o)
 .comment       0x0000039a       0x27 /usr/lib/gcc/arm-none-eabi/13.2.1/../../../arm-none-eabi/lib/thumb/nofp/libc.a(libc_a-rand.o)
 .comment       0x0000039a       0x27 /usr/lib/gcc/arm-none-eabi/13.2.1/../../../arm-none-eabi/lib/thumb/nofp/libc.a(libc_a-memset.o)
 .comment       0x0000039a       0x27 /usr/lib/gcc/arm-none-eabi/13.2.1/../../../arm-none-eabi/lib/thumb/nofp/libc.a(libc_a-errno.o)
 .comment       0x0000039a       0x27 /usr/lib/gcc/arm-none-eabi/13.2.1/../../../arm-none-eabi/lib/thumb/nofp/libc.a(libc_a-impure.o)
 .comment       0x0000039a       0x27 /usr/lib/gcc/arm-none-eabi/13.2.1/../../../arm-none-eabi/lib/thumb/nofp/libc.a(libc_a-memcpy-stub.o)
 .comment       0x0000039a       0x27 /usr/lib/gcc/arm-none-eabi/13.2.1/../../../arm-none-eabi/lib/thumb/nofp/libc.a(libc_a-findfp.o)
 .comment       0x0000039a       0x27 /usr/lib/gcc/arm-none-eabi/13.2.1/../../../arm-none-eabi/lib/thumb/nofp/libc.a(libc_a-fwalk.o)
 .comment       0x0000039a       0x27 /usr/lib/gcc/arm-none-eabi/13.2.1/../../../arm-none-eabi/lib/thumb/nofp/libc.a(libc_a-mallocr.o)
 .comment       0x0000039a       0x27 /usr/lib/gcc/arm-none-eabi/13.2.1/../../../arm-none-eabi/lib/thumb/nofp/libc.a(libc_a-freer.o)
 .comment       0x0000039a       0x27 /usr/lib/gcc/arm-none-eabi/13.2.1/../../../arm-none-eabi/lib/thumb/nofp/libc.a(libc_a-fclose.o)
 .comment       0x0000039a       0x27 /usr/lib/gcc/arm-none-eabi/13.2.1/../../../arm-none-eabi/lib/thumb/nofp/libc.a(libc_a-sysconf.o)
 .comment       0x0000039a       0x27 /usr/lib/gcc/arm-none-eabi/13.2.1/../../../arm-none-eabi/lib/thumb/nofp/libc.a(libc_a-stdio.o)
 .comment       0x0000039a       0x27 /usr/lib/gcc/arm-none-eabi/13.2.1/../../../arm-none-eabi/lib/thumb/nofp/libc.a(libc_a-writer.o)
 .comment       0x0000039a       0x27 /usr/lib/gcc/arm-none-eabi/13.2.1/../../../arm-none-eabi/lib/thumb/nofp/libc.a(libc_a-mlock.o)
 .comment       0x0000039a       0x27 /usr/lib/gcc/arm-none-eabi/13.2.1/../../../arm-none-eabi/lib/thumb/nofp/libc.a(libc_a-sbrkr.o)
 .comment       0x0000039a       0x27 /usr/lib/gcc/arm-none-eabi/13.2.1/../../../arm-none-eabi/lib/thumb/nofp/libc.a(libc_a-closer.o)
 .comment       0x0000039a       0x27 /usr/lib/gcc/arm-none-eabi/13.2.1/../../../arm-none-eabi/lib/thumb/nofp/libc.a(libc_a-fflush.o)
 .comment       0x0000039a       0x27 /usr/lib/gcc/arm-none-eabi/13.2.1/../../../arm-none-eabi/lib/thumb/nofp/libc.a(libc_a-readr.o)
 .comment       0x0000039a       0x27 /usr/lib/gcc/arm-none-eabi/13.2.1/../../../arm-none-eabi/lib/thumb/nofp/libc.a(libc_a-lseekr.o)
 .comment       0x0000039a       0x27 /usr/lib/gcc/arm-none-eabi/13.2.1/../../../arm-none-eabi/lib/thumb/nofp/libc.a(libc_a-reent.o)
 .comment       0x0000039a       0x27 /usr/lib/gcc/arm-none-eabi/13.2.1/thumb/nofp/libgcc.a(_muldi3.o)

.ARM.attributes
                0x00000000       0x2f
 .ARM.attributes
                0x00000000       0x2d gcc/startup.o
 .ARM.attributes
                0x0000002d       0x2d gcc/main.o
 .ARM.attributes
                0x0000005a       0x2d gcc/list.o
 .ARM.attributes
                0x00000087       0x2d gcc/queue.o
 .ARM.attributes
                0x000000b4       0x2d gcc/tasks.o
 .ARM.attributes
                0x000000e1       0x2d gcc/port.o
 .ARM.attributes
                0x0000010e       0x2d gcc/heap_1.o
 .ARM.attributes
                0x0000013b       0x2d gcc/osram96x16.o
 .ARM.attributes
                0x00000168       0x2d gcc/sensor_task.o
 .ARM.attributes
                0x00000195       0x2d gcc/syscalls.o
 .ARM.attributes
                0x000001c2       0x31 hw_include/libdriver.a(gpio_dirmodeset_.o)
 .ARM.attributes
                0x000001f3       0x31 hw_include/libdriver.a(gpio_inttypeset_.o)
 .ARM.attributes
                0x00000224       0x31 hw_include/libdriver.a(gpio_pinintclear_.o)
 .ARM.attributes
                0x00000255       0x31 hw_include/libdriver.a(gpio_pinintenable_.o)
 .ARM.attributes
                0x00000286       0x31 hw_include/libdriver.a(gpio_pintypei2c_.o)
 .ARM.attributes
                0x000002b7       0x31 hw_include/libdriver.a(i2c_mastercontrol_.o)
 .ARM.attributes
                0x000002e8       0x31 hw_include/libdriver.a(i2c_masterdataput_.o)
 .ARM.attributes
                0x00000319       0x31 hw_include/libdriver.a(i2c_masterinit_.o)
 .ARM.attributes
                0x0000034a       0x31 hw_include/libdriver.a(i2c_masterintstatus_.o)
 .ARM.attributes
                0x0000037b       0x31 hw_include/libdriver.a(i2c_masterslaveaddrset_.o)
 .ARM.attributes
                0x000003ac       0x31 hw_include/libdriver.a(interrupt_enable_.o)
 .ARM.attributes
                0x000003dd       0x31 hw_include/libdriver.a(interrupt_priorityset_.o)
 .ARM.attributes
                0x0000040e       0x2f hw_include/libdriver.a(interrupt_pulregs_.o)
 .ARM.attributes
                0x0000043d       0x31 hw_include/libdriver.a(sysctl_clockget_.o)
 .ARM.attributes
                0x0000046e       0x31 hw_include/libdriver.a(sysctl_clockset_.o)
 .ARM.attributes
                0x0000049f       0x31 hw_include/libdriver.a(sysctl_peripheralenable_.o)
 .ARM.attributes
                0x000004d0       0x2f hw_include/libdriver.a(sysctl_pulrcgcregs_.o)
 .ARM.attributes
                0x000004ff       0x2f hw_include/libdriver.a(sysctl_pulxtals_.o)
 .ARM.attributes
                0x0000052e       0x31 hw_include/libdriver.a(uart_charput_.o)
 .ARM.attributes
                0x0000055f       0x31 hw_include/libdriver.a(uart_configset_.o)
 .ARM.attributes
                0x00000590       0x31 hw_include/libdriver.a(uart_disable_.o)
 .ARM.attributes
                0x000005c1       0x31 hw_include/libdriver.a(uart_enable_.o)
 .ARM.attributes
                0x000005f2       0x31 hw_include/libdriver.a(uart_intclear_.o)
 .ARM.attributes
                0x00000623       0x31 hw_include/libdriver.a(uart_intstatus_.o)
 .ARM.attributes
                0x00000654       0x31 hw_include/libdriver.a(gpio_padconfigset_.o)
 .ARM.attributes
                0x00000685       0x31 hw_include/libdriver.a(i2c_masterenable_.o)
 .ARM.attributes
                0x000006b6       0x2a /usr/lib/gcc/arm-none-eabi/13.2.1/../../../arm-none-eabi/lib/thumb/nofp/libc.a(libc_a-rand.o)
 .ARM.attributes
                0x000006e0       0x2a /usr/lib/gcc/arm-none-eabi/13.2.1/../../../arm-none-eabi/lib/thumb/nofp/libc.a(libc_a-memset.o)
 .ARM.attributes
                0x0000070a       0x2a /usr/lib/gcc/arm-none-eabi/13.2.1/../../../arm-none-eabi/lib/thumb/nofp/libc.a(libc_a-errno.o)
 .ARM.attributes
                0x00000734       0x2a /usr/lib/gcc/arm-none-eabi/13.2.1/../../../arm-none-eabi/lib/thumb/nofp/libc.a(libc_a-impure.o)
 .ARM.attributes
                0x0000075e       0x2a /usr/lib/gcc/arm-none-eabi/13.2.1/../../../arm-none-eabi/lib/thumb/nofp/libc.a(libc_a-memcpy-stub.o)
 .ARM.attributes
                0x00000788       0x2a /usr/lib/gcc/arm-none-eabi/13.2.1/../../../arm-none-eabi/lib/thumb/nofp/libc.a(libc_a-findfp.o)
 .ARM.attributes
                0x000007b2       0x2a /usr/lib/gcc/arm-none-eabi/13.2.1/../../../arm-none-eabi/lib/thumb/nofp/libc.a(libc_a-fwalk.o)
 .ARM.attributes
                0x000007dc       0x2a /usr/lib/gcc/arm-none-eabi/13.2.1/../../../arm-none-eabi/lib/thumb/nofp/libc.a(libc_a-mallocr.o)
 .ARM.attributes
                0x00000806       0x2a /usr/lib/gcc/arm-none-eabi/13.2.1/../../../arm-none-eabi/lib/thumb/nofp/libc.a(libc_a-freer.o)
 .ARM.attributes
                0x00000830       0x2a /usr/lib/gcc/arm-none-eabi/13.2.1/../../../arm-none-eabi/lib/thumb/nofp/libc.a(libc_a-fclose.o)
 .ARM.attributes
                0x0000085a       0x2a /usr/lib/gcc/arm-none-eabi/13.2.1/../../../arm-none-eabi/lib/thumb/nofp/libc.a(libc_a-sysconf.o)
 .ARM.attributes
                0x00000884       0x2a /usr/lib/gcc/arm-none-eabi/13.2.1/../../../arm-none-eabi/lib/thumb/nofp/libc.a(libc_a-stdio.o)
 .ARM.attributes
                0x000008ae       0x2a /usr/lib/gcc/arm-none-eabi/13.2.1/../../../arm-none-eabi/lib/thumb/nofp/libc.a(libc_a-writer.o)
 .ARM.attributes
                0x000008d8       0x2a /usr/lib/gcc/arm-none-eabi/13.2.1/../../../arm-none-eabi/lib/thumb/nofp/libc.a(libc_a-mlock.o)
 .ARM.attributes
                0x00000902       0x2a /usr/lib/gcc/arm-none-eabi/13.2.1/../../../arm-none-eabi/lib/thumb/nofp/libc.a(libc_a-sbrkr.o)
 .ARM.attributes
                0x0000092c       0x2a /usr/lib/gcc/arm-none-eabi/13.2.1/../../../arm-none-eabi/lib/thumb/nofp/libc.a(libc_a-closer.o)
 .ARM.attributes
                0x00000956       0x2a /usr/lib/gcc/arm-none-eabi/13.2.1/../../../arm-none-eabi/lib/thumb/nofp/libc.a(libc_a-fflush.o)
 .ARM.attributes
                0x00000980       0x2a /usr/lib/gcc/arm-none-eabi/13.2.1/../../../arm-none-eabi/lib/thumb/nofp/libc.a(libc_a-readr.o)
 .ARM.attributes
                0x000009aa       0x2a /usr/lib/gcc/arm-none-eabi/13.2.1/../../../arm-none-eabi/lib/thumb/nofp/libc.a(libc_a-lseekr.o)
 .ARM.attributes
                0x000009d4       0x2a /usr/lib/gcc/arm-none-eabi/13.2.1/../../../arm-none-eabi/lib/thumb/nofp/libc.a(libc_a-reent.o)
 .ARM.attributes
                0x000009fe       0x1c /usr/lib/gcc/arm-none-eabi/13.2.1/thumb/nofp/libgcc.a(_udivsi3.o)
 .ARM.attributes
                0x00000a1a       0x1c /usr/lib/gcc/arm-none-eabi/13.2.1/thumb/nofp/libgcc.a(_dvmd_tls.o)
 .ARM.attributes
                0x00000a36       0x2a /usr/lib/gcc/arm-none-eabi/13.2.1/thumb/nofp/libgcc.a(_muldi3.o)

.debug_info     0x00000000     0x9fca
 .debug_info    0x00000000      0x76a /usr/lib/gcc/arm-none-eabi/13.2.1/../../../arm-none-eabi/lib/thumb/nofp/libc.a(libc_a-rand.o)
 .debug_info    0x0000076a      0x135 /usr/lib/gcc/arm-none-eabi/13.2.1/../../../arm-none-eabi/lib/thumb/nofp/libc.a(libc_a-memset.o)
 .debug_info    0x0000089f      0x70f /usr/lib/gcc/arm-none-eabi/13.2.1/../../../arm-none-eabi/lib/thumb/nofp/libc.a(libc_a-errno.o)
 .debug_info    0x00000fae      0x729 /usr/lib/gcc/arm-none-eabi/13.2.1/../../../arm-none-eabi/lib/thumb/nofp/libc.a(libc_a-impure.o)
 .debug_info    0x000016d7      0x152 /usr/lib/gcc/arm-none-eabi/13.2.1/../../../arm-none-eabi/lib/thumb/nofp/libc.a(libc_a-memcpy-stub.o)
 .debug_info    0x00001829      0xea9 /usr/lib/gcc/arm-none-eabi/13.2.1/../../../arm-none-eabi/lib/thumb/nofp/libc.a(libc_a-findfp.o)
 .debug_info    0x000026d2      0x7e4 /usr/lib/gcc/arm-none-eabi/13.2.1/../../../arm-none-eabi/lib/thumb/nofp/libc.a(libc_a-fwalk.o)
 .debug_info    0x00002eb6      0xcc8 /usr/lib/gcc/arm-none-eabi/13.2.1/../../../arm-none-eabi/lib/thumb/nofp/libc.a(libc_a-mallocr.o)
 .debug_info    0x00003b7e      0xb49 /usr/lib/gcc/arm-none-eabi/13.2.1/../../../arm-none-eabi/lib/thumb/nofp/libc.a(libc_a-freer.o)
 .debug_info    0x000046c7      0x8e4 /usr/lib/gcc/arm-none-eabi/13.2.1/../../../arm-none-eabi/lib/thumb/nofp/libc.a(libc_a-fclose.o)
 .debug_info    0x00004fab       0xc1 /usr/lib/gcc/arm-none-eabi/13.2.1/../../../arm-none-eabi/lib/thumb/nofp/libc.a(libc_a-sysconf.o)
 .debug_info    0x0000506c      0xa90 /usr/lib/gcc/arm-none-eabi/13.2.1/../../../arm-none-eabi/lib/thumb/nofp/libc.a(libc_a-stdio.o)
 .debug_info    0x00005afc      0x7d9 /usr/lib/gcc/arm-none-eabi/13.2.1/../../../arm-none-eabi/lib/thumb/nofp/libc.a(libc_a-writer.o)
 .debug_info    0x000062d5      0x73a /usr/lib/gcc/arm-none-eabi/13.2.1/../../../arm-none-eabi/lib/thumb/nofp/libc.a(libc_a-mlock.o)
 .debug_info    0x00006a0f      0x796 /usr/lib/gcc/arm-none-eabi/13.2.1/../../../arm-none-eabi/lib/thumb/nofp/libc.a(libc_a-sbrkr.o)
 .debug_info    0x000071a5      0x770 /usr/lib/gcc/arm-none-eabi/13.2.1/../../../arm-none-eabi/lib/thumb/nofp/libc.a(libc_a-closer.o)
 .debug_info    0x00007915      0xa62 /usr/lib/gcc/arm-none-eabi/13.2.1/../../../arm-none-eabi/lib/thumb/nofp/libc.a(libc_a-fflush.o)
 .debug_info    0x00008377      0x7d3 /usr/lib/gcc/arm-none-eabi/13.2.1/../../../arm-none-eabi/lib/thumb/nofp/libc.a(libc_a-readr.o)
 .debug_info    0x00008b4a      0x7bc /usr/lib/gcc/arm-none-eabi/13.2.1/../../../arm-none-eabi/lib/thumb/nofp/libc.a(libc_a-lseekr.o)
 .debug_info    0x00009306      0x82a /usr/lib/gcc/arm-none-eabi/13.2.1/../../../arm-none-eabi/lib/thumb/nofp/libc.a(libc_a-reent.o)
 .debug_info    0x00009b30       0x3e /usr/lib/gcc/arm-none-eabi/13.2.1/thumb/nofp/libgcc.a(_udivsi3.o)
 .debug_info    0x00009b6e       0x3c /usr/lib/gcc/arm-none-eabi/13.2.1/thumb/nofp/libgcc.a(_dvmd_tls.o)
 .debug_info    0x00009baa      0x420 /usr/lib/gcc/arm-none-eabi/13.2.1/thumb/nofp/libgcc.a(_muldi3.o)

.debug_abbrev   0x00000000     0x2a1e
 .debug_abbrev  0x00000000      0x1f4 /usr/lib/gcc/arm-none-eabi/13.2.1/../../../arm-none-eabi/lib/thumb/nofp/libc.a(libc_a-rand.o)
 .debug_abbrev  0x000001f4       0xb7 /usr/lib/gcc/arm-none-eabi/13.2.1/../../../arm-none-eabi/lib/thumb/nofp/libc.a(libc_a-memset.o)
 .debug_abbrev  0x000002ab      0x19a /usr/lib/gcc/arm-none-eabi/13.2.1/../../../arm-none-eabi/lib/thumb/nofp/libc.a(libc_a-errno.o)
 .debug_abbrev  0x00000445      0x185 /usr/lib/gcc/arm-none-eabi/13.2.1/../../../arm-none-eabi/lib/thumb/nofp/libc.a(libc_a-impure.o)
 .debug_abbrev  0x000005ca       0xca /usr/lib/gcc/arm-none-eabi/13.2.1/../../../arm-none-eabi/lib/thumb/nofp/libc.a(libc_a-memcpy-stub.o)
 .debug_abbrev  0x00000694      0x430 /usr/lib/gcc/arm-none-eabi/13.2.1/../../../arm-none-eabi/lib/thumb/nofp/libc.a(libc_a-findfp.o)
 .debug_abbrev  0x00000ac4      0x1d9 /usr/lib/gcc/arm-none-eabi/13.2.1/../../../arm-none-eabi/lib/thumb/nofp/libc.a(libc_a-fwalk.o)
 .debug_abbrev  0x00000c9d      0x2d7 /usr/lib/gcc/arm-none-eabi/13.2.1/../../../arm-none-eabi/lib/thumb/nofp/libc.a(libc_a-mallocr.o)
 .debug_abbrev  0x00000f74      0x289 /usr/lib/gcc/arm-none-eabi/13.2.1/../../../arm-none-eabi/lib/thumb/nofp/libc.a(libc_a-freer.o)
 .debug_abbrev  0x000011fd      0x2dc /usr/lib/gcc/arm-none-eabi/13.2.1/../../../arm-none-eabi/lib/thumb/nofp/libc.a(libc_a-fclose.o)
 .debug_abbrev  0x000014d9       0x80 /usr/lib/gcc/arm-none-eabi/13.2.1/../../../arm-none-eabi/lib/thumb/nofp/libc.a(libc_a-sysconf.o)
 .debug_abbrev  0x00001559      0x242 /usr/lib/gcc/arm-none-eabi/13.2.1/../../../arm-none-eabi/lib/thumb/nofp/libc.a(libc_a-stdio.o)
 .debug_abbrev  0x0000179b      0x1f1 /usr/lib/gcc/arm-none-eabi/13.2.1/../../../arm-none-eabi/lib/thumb/nofp/libc.a(libc_a-writer.o)
 .debug_abbrev  0x0000198c      0x1ce /usr/lib/gcc/arm-none-eabi/13.2.1/../../../arm-none-eabi/lib/thumb/nofp/libc.a(libc_a-mlock.o)
 .debug_abbrev  0x00001b5a      0x216 /usr/lib/gcc/arm-none-eabi/13.2.1/../../../arm-none-eabi/lib/thumb/nofp/libc.a(libc_a-sbrkr.o)
 .debug_abbrev  0x00001d70      0x1ec /usr/lib/gcc/arm-none-eabi/13.2.1/../../../arm-none-eabi/lib/thumb/nofp/libc.a(libc_a-closer.o)
 .debug_abbrev  0x00001f5c      0x30f /usr/lib/gcc/arm-none-eabi/13.2.1/../../../arm-none-eabi/lib/thumb/nofp/libc.a(libc_a-fflush.o)
 .debug_abbrev  0x0000226b      0x1ec /usr/lib/gcc/arm-none-eabi/13.2.1/../../../arm-none-eabi/lib/thumb/nofp/libc.a(libc_a-readr.o)
 .debug_abbrev  0x00002457      0x200 /usr/lib/gcc/arm-none-eabi/13.2.1/../../../arm-none-eabi/lib/thumb/nofp/libc.a(libc_a-lseekr.o)
 .debug_abbrev  0x00002657      0x227 /usr/lib/gcc/arm-none-eabi/13.2.1/../../../arm-none-eabi/lib/thumb/nofp/libc.a(libc_a-reent.o)
 .debug_abbrev  0x0000287e       0x28 /usr/lib/gcc/arm-none-eabi/13.2.1/thumb/nofp/libgcc.a(_udivsi3.o)
 .debug_abbrev  0x000028a6       0x26 /usr/lib/gcc/arm-none-eabi/13.2.1/thumb/nofp/libgcc.a(_dvmd_tls.o)
 .debug_abbrev  0x000028cc      0x152 /usr/lib/gcc/arm-none-eabi/13.2.1/thumb/nofp/libgcc.a(_muldi3.o)

.debug_loclists
                0x00000000     0x2165
 .debug_loclists
                0x00000000       0x36 /usr/lib/gcc/arm-none-eabi/13.2.1/../../../arm-none-eabi/lib/thumb/nofp/libc.a(libc_a-rand.o)
 .debug_loclists
                0x00000036      0x1c6 /usr/lib/gcc/arm-none-eabi/13.2.1/../../../arm-none-eabi/lib/thumb/nofp/libc.a(libc_a-memset.o)
 .debug_loclists
                0x000001fc      0x2c7 /usr/lib/gcc/arm-none-eabi/13.2.1/../../../arm-none-eabi/lib/thumb/nofp/libc.a(libc_a-memcpy-stub.o)
 .debug_loclists
                0x000004c3      0x1dd /usr/lib/gcc/arm-none-eabi/13.2.1/../../../arm-none-eabi/lib/thumb/nofp/libc.a(libc_a-findfp.o)
 .debug_loclists
                0x000006a0       0xa0 /usr/lib/gcc/arm-none-eabi/13.2.1/../../../arm-none-eabi/lib/thumb/nofp/libc.a(libc_a-fwalk.o)
 .debug_loclists
                0x00000740      0xbdc /usr/lib/gcc/arm-none-eabi/13.2.1/../../../arm-none-eabi/lib/thumb/nofp/libc.a(libc_a-mallocr.o)
 .debug_loclists
                0x0000131c      0x3d4 /usr/lib/gcc/arm-none-eabi/13.2.1/../../../arm-none-eabi/lib/thumb/nofp/libc.a(libc_a-freer.o)
 .debug_loclists
                0x000016f0      0x10b /usr/lib/gcc/arm-none-eabi/13.2.1/../../../arm-none-eabi/lib/thumb/nofp/libc.a(libc_a-fclose.o)
 .debug_loclists
                0x000017fb       0x3b /usr/lib/gcc/arm-none-eabi/13.2.1/../../../arm-none-eabi/lib/thumb/nofp/libc.a(libc_a-sysconf.o)
 .debug_loclists
                0x00001836      0x293 /usr/lib/gcc/arm-none-eabi/13.2.1/../../../arm-none-eabi/lib/thumb/nofp/libc.a(libc_a-stdio.o)
 .debug_loclists
                0x00001ac9       0x97 /usr/lib/gcc/arm-none-eabi/13.2.1/../../../arm-none-eabi/lib/thumb/nofp/libc.a(libc_a-writer.o)
 .debug_loclists
                0x00001b60       0x52 /usr/lib/gcc/arm-none-eabi/13.2.1/../../../arm-none-eabi/lib/thumb/nofp/libc.a(libc_a-sbrkr.o)
 .debug_loclists
                0x00001bb2       0x52 /usr/lib/gcc/arm-none-eabi/13.2.1/../../../arm-none-eabi/lib/thumb/nofp/libc.a(libc_a-closer.o)
 .debug_loclists
                0x00001c04      0x2ac /usr/lib/gcc/arm-none-eabi/13.2.1/../../../arm-none-eabi/lib/thumb/nofp/libc.a(libc_a-fflush.o)
 .debug_loclists
                0x00001eb0       0x97 /usr/lib/gcc/arm-none-eabi/13.2.1/../../../arm-none-eabi/lib/thumb/nofp/libc.a(libc_a-readr.o)
 .debug_loclists
                0x00001f47       0x97 /usr/lib/gcc/arm-none-eabi/13.2.1/../../../arm-none-eabi/lib/thumb/nofp/libc.a(libc_a-lseekr.o)
 .debug_loclists
                0x00001fde       0x59 /usr/lib/gcc/arm-none-eabi/13.2.1/../../../arm-none-eabi/lib/thumb/nofp/libc.a(libc_a-reent.o)
 .debug_loclists
                0x00002037      0x12e /usr/lib/gcc/arm-none-eabi/13.2.1/thumb/nofp/libgcc.a(_muldi3.o)

.debug_aranges  0x00000000      0x2d8
 .debug_aranges
                0x00000000       0x20 /usr/lib/gcc/arm-none-eabi/13.2.1/../../../arm-none-eabi/lib/thumb/nofp/libc.a(libc_a-rand.o)
 .debug_aranges
                0x00000020       0x20 /usr/lib/gcc/arm-none-eabi/13.2.1/../../../arm-none-eabi/lib/thumb/nofp/libc.a(libc_a-memset.o)
 .debug_aranges
                0x00000040       0x20 /usr/lib/gcc/arm-none-eabi/13.2.1/../../../arm-none-eabi/lib/thumb/nofp/libc.a(libc_a-errno.o)
 .debug_aranges
                0x00000060       0x18 /usr/lib/gcc/arm-none-eabi/13.2.1/../../../arm-none-eabi/lib/thumb/nofp/libc.a(libc_a-impure.o)
 .debug_aranges
                0x00000078       0x20 /usr/lib/gcc/arm-none-eabi/13.2.1/../../../arm-none-eabi/lib/thumb/nofp/libc.a(libc_a-memcpy-stub.o)
 .debug_aranges
                0x00000098       0x20 /usr/lib/gcc/arm-none-eabi/13.2.1/../../../arm-none-eabi/lib/thumb/nofp/libc.a(libc_a-findfp.o)
 .debug_aranges
                0x000000b8       0x20 /usr/lib/gcc/arm-none-eabi/13.2.1/../../../arm-none-eabi/lib/thumb/nofp/libc.a(libc_a-fwalk.o)
 .debug_aranges
                0x000000d8       0x20 /usr/lib/gcc/arm-none-eabi/13.2.1/../../../arm-none-eabi/lib/thumb/nofp/libc.a(libc_a-mallocr.o)
 .debug_aranges
                0x000000f8       0x20 /usr/lib/gcc/arm-none-eabi/13.2.1/../../../arm-none-eabi/lib/thumb/nofp/libc.a(libc_a-freer.o)
 .debug_aranges
                0x00000118       0x20 /usr/lib/gcc/arm-none-eabi/13.2.1/../../../arm-none-eabi/lib/thumb/nofp/libc.a(libc_a-fclose.o)
 .debug_aranges
                0x00000138       0x20 /usr/lib/gcc/arm-none-eabi/13.2.1/../../../arm-none-eabi/lib/thumb/nofp/libc.a(libc_a-sysconf.o)
 .debug_aranges
                0x00000158       0x20 /usr/lib/gcc/arm-none-eabi/13.2.1/../../../arm-none-eabi/lib/thumb/nofp/libc.a(libc_a-stdio.o)
 .debug_aranges
                0x00000178       0x20 /usr/lib/gcc/arm-none-eabi/13.2.1/../../../arm-none-eabi/lib/thumb/nofp/libc.a(libc_a-writer.o)
 .debug_aranges
                0x00000198       0x20 /usr/lib/gcc/arm-none-eabi/13.2.1/../../../arm-none-eabi/lib/thumb/nofp/libc.a(libc_a-mlock.o)
 .debug_aranges
                0x000001b8       0x20 /usr/lib/gcc/arm-none-eabi/13.2.1/../../../arm-none-eabi/lib/thumb/nofp/libc.a(libc_a-sbrkr.o)
 .debug_aranges
                0x000001d8       0x20 /usr/lib/gcc/arm-none-eabi/13.2.1/../../../arm-none-eabi/lib/thumb/nofp/libc.a(libc_a-closer.o)
 .debug_aranges
                0x000001f8       0x20 /usr/lib/gcc/arm-none-eabi/13.2.1/../../../arm-none-eabi/lib/thumb/nofp/libc.a(libc_a-fflush.o)
 .debug_aranges
                0x00000218       0x20 /usr/lib/gcc/arm-none-eabi/13.2.1/../../../arm-none-eabi/lib/thumb/nofp/libc.a(libc_a-readr.o)
 .debug_aranges
                0x00000238       0x20 /usr/lib/gcc/arm-none-eabi/13.2.1/../../../arm-none-eabi/lib/thumb/nofp/libc.a(libc_a-lseekr.o)
 .debug_aranges
                0x00000258       0x20 /usr/lib/gcc/arm-none-eabi/13.2.1/../../../arm-none-eabi/lib/thumb/nofp/libc.a(libc_a-reent.o)
 .debug_aranges
                0x00000278       0x20 /usr/lib/gcc/arm-none-eabi/13.2.1/thumb/nofp/libgcc.a(_udivsi3.o)
 .debug_aranges
                0x00000298       0x20 /usr/lib/gcc/arm-none-eabi/13.2.1/thumb/nofp/libgcc.a(_dvmd_tls.o)
 .debug_aranges
                0x000002b8       0x20 /usr/lib/gcc/arm-none-eabi/13.2.1/thumb/nofp/libgcc.a(_muldi3.o)

.debug_line     0x00000000     0x3346
 .debug_line    0x00000000      0x18b /usr/lib/gcc/arm-none-eabi/13.2.1/../../../arm-none-eabi/lib/thumb/nofp/libc.a(libc_a-rand.o)
 .debug_line    0x0000018b      0x1bd /usr/lib/gcc/arm-none-eabi/13.2.1/../../../arm-none-eabi/lib/thumb/nofp/libc.a(libc_a-memset.o)
 .debug_line    0x00000348      0x113 /usr/lib/gcc/arm-none-eabi/13.2.1/../../../arm-none-eabi/lib/thumb/nofp/libc.a(libc_a-errno.o)
 .debug_line    0x0000045b       0xe4 /usr/lib/gcc/arm-none-eabi/13.2.1/../../../arm-none-eabi/lib/thumb/nofp/libc.a(libc_a-impure.o)
 .debug_line    0x0000053f      0x1e1 /usr/lib/gcc/arm-none-eabi/13.2.1/../../../arm-none-eabi/lib/thumb/nofp/libc.a(libc_a-memcpy-stub.o)
 .debug_line    0x00000720      0x58e /usr/lib/gcc/arm-none-eabi/13.2.1/../../../arm-none-eabi/lib/thumb/nofp/libc.a(libc_a-findfp.o)
 .debug_line    0x00000cae      0x1af /usr/lib/gcc/arm-none-eabi/13.2.1/../../../arm-none-eabi/lib/thumb/nofp/libc.a(libc_a-fwalk.o)
 .debug_line    0x00000e5d      0x922 /usr/lib/gcc/arm-none-eabi/13.2.1/../../../arm-none-eabi/lib/thumb/nofp/libc.a(libc_a-mallocr.o)
 .debug_line    0x0000177f      0x521 /usr/lib/gcc/arm-none-eabi/13.2.1/../../../arm-none-eabi/lib/thumb/nofp/libc.a(libc_a-freer.o)
 .debug_line    0x00001ca0      0x261 /usr/lib/gcc/arm-none-eabi/13.2.1/../../../arm-none-eabi/lib/thumb/nofp/libc.a(libc_a-fclose.o)
 .debug_line    0x00001f01       0xe5 /usr/lib/gcc/arm-none-eabi/13.2.1/../../../arm-none-eabi/lib/thumb/nofp/libc.a(libc_a-sysconf.o)
 .debug_line    0x00001fe6      0x235 /usr/lib/gcc/arm-none-eabi/13.2.1/../../../arm-none-eabi/lib/thumb/nofp/libc.a(libc_a-stdio.o)
 .debug_line    0x0000221b      0x18b /usr/lib/gcc/arm-none-eabi/13.2.1/../../../arm-none-eabi/lib/thumb/nofp/libc.a(libc_a-writer.o)
 .debug_line    0x000023a6      0x150 /usr/lib/gcc/arm-none-eabi/13.2.1/../../../arm-none-eabi/lib/thumb/nofp/libc.a(libc_a-mlock.o)
 .debug_line    0x000024f6      0x190 /usr/lib/gcc/arm-none-eabi/13.2.1/../../../arm-none-eabi/lib/thumb/nofp/libc.a(libc_a-sbrkr.o)
 .debug_line    0x00002686      0x190 /usr/lib/gcc/arm-none-eabi/13.2.1/../../../arm-none-eabi/lib/thumb/nofp/libc.a(libc_a-closer.o)
 .debug_line    0x00002816      0x475 /usr/lib/gcc/arm-none-eabi/13.2.1/../../../arm-none-eabi/lib/thumb/nofp/libc.a(libc_a-fflush.o)
 .debug_line    0x00002c8b      0x18a /usr/lib/gcc/arm-none-eabi/13.2.1/../../../arm-none-eabi/lib/thumb/nofp/libc.a(libc_a-readr.o)
 .debug_line    0x00002e15      0x18b /usr/lib/gcc/arm-none-eabi/13.2.1/../../../arm-none-eabi/lib/thumb/nofp/libc.a(libc_a-lseekr.o)
 .debug_line    0x00002fa0      0x1e5 /usr/lib/gcc/arm-none-eabi/13.2.1/../../../arm-none-eabi/lib/thumb/nofp/libc.a(libc_a-reent.o)
 .debug_line    0x00003185       0x67 /usr/lib/gcc/arm-none-eabi/13.2.1/thumb/nofp/libgcc.a(_udivsi3.o)
 .debug_line    0x000031ec       0x4a /usr/lib/gcc/arm-none-eabi/13.2.1/thumb/nofp/libgcc.a(_dvmd_tls.o)
 .debug_line    0x00003236      0x110 /usr/lib/gcc/arm-none-eabi/13.2.1/thumb/nofp/libgcc.a(_muldi3.o)

.debug_str      0x00000000     0x130b
 .debug_str     0x00000000     0x130b /usr/lib/gcc/arm-none-eabi/13.2.1/../../../arm-none-eabi/lib/thumb/nofp/libc.a(libc_a-rand.o)
                                0x4ba (size before relaxing)
 .debug_str     0x0000130b      0x1a6 /usr/lib/gcc/arm-none-eabi/13.2.1/../../../arm-none-eabi/lib/thumb/nofp/libc.a(libc_a-memset.o)
 .debug_str     0x0000130b      0x49f /usr/lib/gcc/arm-none-eabi/13.2.1/../../../arm-none-eabi/lib/thumb/nofp/libc.a(libc_a-errno.o)
 .debug_str     0x0000130b      0x4aa /usr/lib/gcc/arm-none-eabi/13.2.1/../../../arm-none-eabi/lib/thumb/nofp/libc.a(libc_a-impure.o)
 .debug_str     0x0000130b      0x1c3 /usr/lib/gcc/arm-none-eabi/13.2.1/../../../arm-none-eabi/lib/thumb/nofp/libc.a(libc_a-memcpy-stub.o)
 .debug_str     0x0000130b      0x6ad /usr/lib/gcc/arm-none-eabi/13.2.1/../../../arm-none-eabi/lib/thumb/nofp/libc.a(libc_a-findfp.o)
 .debug_str     0x0000130b      0x4b5 /usr/lib/gcc/arm-none-eabi/13.2.1/../../../arm-none-eabi/lib/thumb/nofp/libc.a(libc_a-fwalk.o)
 .debug_str     0x0000130b      0x6cd /usr/lib/gcc/arm-none-eabi/13.2.1/../../../arm-none-eabi/lib/thumb/nofp/libc.a(libc_a-mallocr.o)
 .debug_str     0x0000130b      0x623 /usr/lib/gcc/arm-none-eabi/13.2.1/../../../arm-none-eabi/lib/thumb/nofp/libc.a(libc_a-freer.o)
 .debug_str     0x0000130b      0x504 /usr/lib/gcc/arm-none-eabi/13.2.1/../../../arm-none-eabi/lib/thumb/nofp/libc.a(libc_a-fclose.o)
 .debug_str     0x0000130b      0x19b /usr/lib/gcc/arm-none-eabi/13.2.1/../../../arm-none-eabi/lib/thumb/nofp/libc.a(libc_a-sysconf.o)
 .debug_str     0x0000130b      0x512 /usr/lib/gcc/arm-none-eabi/13.2.1/../../../arm-none-eabi/lib/thumb/nofp/libc.a(libc_a-stdio.o)
 .debug_str     0x0000130b      0x4ab /usr/lib/gcc/arm-none-eabi/13.2.1/../../../arm-none-eabi/lib/thumb/nofp/libc.a(libc_a-writer.o)
 .debug_str     0x0000130b      0x4c3 /usr/lib/gcc/arm-none-eabi/13.2.1/../../../arm-none-eabi/lib/thumb/nofp/libc.a(libc_a-mlock.o)
 .debug_str     0x0000130b      0x4ae /usr/lib/gcc/arm-none-eabi/13.2.1/../../../arm-none-eabi/lib/thumb/nofp/libc.a(libc_a-sbrkr.o)
 .debug_str     0x0000130b      0x49b /usr/lib/gcc/arm-none-eabi/13.2.1/../../../arm-none-eabi/lib/thumb/nofp/libc.a(libc_a-closer.o)
 .debug_str     0x0000130b      0x52c /usr/lib/gcc/arm-none-eabi/13.2.1/../../../arm-none-eabi/lib/thumb/nofp/libc.a(libc_a-fflush.o)
 .debug_str     0x0000130b      0x4a9 /usr/lib/gcc/arm-none-eabi/13.2.1/../../../arm-none-eabi/lib/thumb/nofp/libc.a(libc_a-readr.o)
 .debug_str     0x0000130b      0x4a9 /usr/lib/gcc/arm-none-eabi/13.2.1/../../../arm-none-eabi/lib/thumb/nofp/libc.a(libc_a-lseekr.o)
 .debug_str     0x0000130b      0x4c4 /usr/lib/gcc/arm-none-eabi/13.2.1/../../../arm-none-eabi/lib/thumb/nofp/libc.a(libc_a-reent.o)
 .debug_str     0x0000130b       0xb6 /usr/lib/gcc/arm-none-eabi/13.2.1/thumb/nofp/libgcc.a(_udivsi3.o)
 .debug_str     0x0000130b       0xb7 /usr/lib/gcc/arm-none-eabi/13.2.1/thumb/nofp/libgcc.a(_dvmd_tls.o)
 .debug_str     0x0000130b      0x66f /usr/lib/gcc/arm-none-eabi/13.2.1/thumb/nofp/libgcc.a(_muldi3.o)

.debug_frame    0x00000000      0x58c
 .debug_frame   0x00000000       0x38 /usr/lib/gcc/arm-none-eabi/13.2.1/../../../arm-none-eabi/lib/thumb/nofp/libc.a(libc_a-rand.o)
 .debug_frame   0x00000038       0x30 /usr/lib/gcc/arm-none-eabi/13.2.1/../../../arm-none-eabi/lib/thumb/nofp/libc.a(libc_a-memset.o)
 .debug_frame   0x00000068       0x20 /usr/lib/gcc/arm-none-eabi/13.2.1/../../../arm-none-eabi/lib/thumb/nofp/libc.a(libc_a-errno.o)
 .debug_frame   0x00000088       0x30 /usr/lib/gcc/arm-none-eabi/13.2.1/../../../arm-none-eabi/lib/thumb/nofp/libc.a(libc_a-memcpy-stub.o)
 .debug_frame   0x000000b8      0x110 /usr/lib/gcc/arm-none-eabi/13.2.1/../../../arm-none-eabi/lib/thumb/nofp/libc.a(libc_a-findfp.o)
 .debug_frame   0x000001c8       0x38 /usr/lib/gcc/arm-none-eabi/13.2.1/../../../arm-none-eabi/lib/thumb/nofp/libc.a(libc_a-fwalk.o)
 .debug_frame   0x00000200       0x3c /usr/lib/gcc/arm-none-eabi/13.2.1/../../../arm-none-eabi/lib/thumb/nofp/libc.a(libc_a-mallocr.o)
 .debug_frame   0x0000023c       0x5c /usr/lib/gcc/arm-none-eabi/13.2.1/../../../arm-none-eabi/lib/thumb/nofp/libc.a(libc_a-freer.o)
 .debug_frame   0x00000298       0x44 /usr/lib/gcc/arm-none-eabi/13.2.1/../../../arm-none-eabi/lib/thumb/nofp/libc.a(libc_a-fclose.o)
 .debug_frame   0x000002dc       0x28 /usr/lib/gcc/arm-none-eabi/13.2.1/../../../arm-none-eabi/lib/thumb/nofp/libc.a(libc_a-sysconf.o)
 .debug_frame   0x00000304       0x90 /usr/lib/gcc/arm-none-eabi/13.2.1/../../../arm-none-eabi/lib/thumb/nofp/libc.a(libc_a-stdio.o)
 .debug_frame   0x00000394       0x2c /usr/lib/gcc/arm-none-eabi/13.2.1/../../../arm-none-eabi/lib/thumb/nofp/libc.a(libc_a-writer.o)
 .debug_frame   0x000003c0       0x30 /usr/lib/gcc/arm-none-eabi/13.2.1/../../../arm-none-eabi/lib/thumb/nofp/libc.a(libc_a-mlock.o)
 .debug_frame   0x000003f0       0x2c /usr/lib/gcc/arm-none-eabi/13.2.1/../../../arm-none-eabi/lib/thumb/nofp/libc.a(libc_a-sbrkr.o)
 .debug_frame   0x0000041c       0x2c /usr/lib/gcc/arm-none-eabi/13.2.1/../../../arm-none-eabi/lib/thumb/nofp/libc.a(libc_a-closer.o)
 .debug_frame   0x00000448       0x6c /usr/lib/gcc/arm-none-eabi/13.2.1/../../../arm-none-eabi/lib/thumb/nofp/libc.a(libc_a-fflush.o)
 .debug_frame   0x000004b4       0x2c /usr/lib/gcc/arm-none-eabi/13.2.1/../../../arm-none-eabi/lib/thumb/nofp/libc.a(libc_a-readr.o)
 .debug_frame   0x000004e0       0x2c /usr/lib/gcc/arm-none-eabi/13.2.1/../../../arm-none-eabi/lib/thumb/nofp/libc.a(libc_a-lseekr.o)
 .debug_frame   0x0000050c       0x2c /usr/lib/gcc/arm-none-eabi/13.2.1/../../../arm-none-eabi/lib/thumb/nofp/libc.a(libc_a-reent.o)
 .debug_frame   0x00000538       0x20 /usr/lib/gcc/arm-none-eabi/13.2.1/thumb/nofp/libgcc.a(_udivsi3.o)
 .debug_frame   0x00000558       0x34 /usr/lib/gcc/arm-none-eabi/13.2.1/thumb/nofp/libgcc.a(_muldi3.o)

.debug_rnglists
                0x00000000      0x116
 .debug_rnglists
                0x00000000       0x63 /usr/lib/gcc/arm-none-eabi/13.2.1/../../../arm-none-eabi/lib/thumb/nofp/libc.a(libc_a-findfp.o)
 .debug_rnglists
                0x00000063       0x30 /usr/lib/gcc/arm-none-eabi/13.2.1/../../../arm-none-eabi/lib/thumb/nofp/libc.a(libc_a-mallocr.o)
 .debug_rnglists
                0x00000093       0x15 /usr/lib/gcc/arm-none-eabi/13.2.1/../../../arm-none-eabi/lib/thumb/nofp/libc.a(libc_a-fclose.o)
 .debug_rnglists
                0x000000a8       0x4f /usr/lib/gcc/arm-none-eabi/13.2.1/../../../arm-none-eabi/lib/thumb/nofp/libc.a(libc_a-fflush.o)
 .debug_rnglists
                0x000000f7       0x1f /usr/lib/gcc/arm-none-eabi/13.2.1/thumb/nofp/libgcc.a(_muldi3.o)

.debug_line_str
                0x00000000       0x8f
 .debug_line_str
                0x00000000       0x8f /usr/lib/gcc/arm-none-eabi/13.2.1/thumb/nofp/libgcc.a(_udivsi3.o)
 .debug_line_str
                0x0000008f       0x8f /usr/lib/gcc/arm-none-eabi/13.2.1/thumb/nofp/libgcc.a(_dvmd_tls.o)
